[PMAC_HARDWARE]
[PMAC_CONFIG]
[PMAC_PROJECT]
[PMAC_PROJECT]
[PMAC_PROJECT]
[PMAC_PROJECT]
[PMAC_PROJECT]
[PMAC_PROJECT]
[PMAC_PROJECT]
[PMAC_PROJECT]
[PMAC_PROJECT]
[PMAC_CONFIG]
Generation of pp_diff.cfg failed on SAVE: Error in section: [MQTT]
[PMAC_PROJECT]
[PMAC_PROJECT]
/var/ftp/usrflash/Project/PMAC Script Language/PLC Programs/PLC10_Home.plc:287:1: error #31: invalid code:  P9505==1)
Error: downloading preprocessed File: "/var/ftp/usrflash/Temp/pp_proj.pma"
[PMAC_PROJECT]
[PMAC_PROJECT]
[PMAC_PROJECT]
[PMAC_PROJECT]
[PMAC_PROJECT]
[PMAC_PROJECT]
[PMAC_PROJECT]
[PMAC_PROJECT]
[PMAC_PROJECT]
[PMAC_PROJECT]
[PMAC_PROJECT]
[PMAC_PROJECT]
[PMAC_PROJECT]
[PMAC_PROJECT]
[PMAC_PROJECT]
[PMAC_PROJECT]
[PMAC_PROJECT]
[PMAC_PROJECT]
[PMAC_PROJECT]
[PMAC_PROJECT]
[PMAC_PROJECT]
[PMAC_PROJECT]
[PMAC_PROJECT]
[PMAC_PROJECT]
[PMAC_PROJECT]
[PMAC_PROJECT]
