[PMAC_HARDWARE]
[PMAC_CONFIG]
[PMAC_PROJECT]
[PMAC_CONFIG]
[PMAC_CONFIG]
[PMAC_CONFIG]
[PMAC_CONFIG]
[PMAC_CONFIG]
[PMAC_CONFIG]
[PMAC_CONFIG]
[PMAC_PROJECT]
[PMAC_PROJECT]
[PMAC_PROJECT]
[PMAC_PROJECT]
[PMAC_CONFIG]
[PMAC_PROJECT]
[PMAC_PROJECT]
[PMAC_CONFIG]
[PMAC_PROJECT]
[PMAC_PROJECT]
[PMAC_CONFIG]
[PMAC_CONFIG]
[PMAC_CONFIG]
[PMAC_CONFIG]
[PMAC_CONFIG]
[PMAC_CONFIG]
[PMAC_CONFIG]
[PMAC_CONFIG]
[PMAC_CONFIG]
[PMAC_CONFIG]
[PMAC_CONFIG]
[PMAC_CONFIG]
[PMAC_CONFIG]
[PMAC_CONFIG]
[PMAC_CONFIG]
[PMAC_CONFIG]
[PMAC_CONFIG]
[PMAC_CONFIG]
[PMAC_CONFIG]
[PMAC_CONFIG]
[PMAC_CONFIG]
[PMAC_CONFIG]
[PMAC_CONFIG]
[PMAC_CONFIG]
[PMAC_CONFIG]
[PMAC_CONFIG]
[PMAC_CONFIG]
[PMAC_CONFIG]
[PMAC_CONFIG]
[PMAC_CONFIG]
[PMAC_CONFIG]
[PMAC_CONFIG]
[PMAC_CONFIG]
[PMAC_CONFIG]
[PMAC_CONFIG]
[PMAC_CONFIG]
[PMAC_CONFIG]
[PMAC_CONFIG]
[PMAC_CONFIG]
[PMAC_CONFIG]
[PMAC_CONFIG]
[PMAC_CONFIG]
[PMAC_CONFIG]
[PMAC_CONFIG]
[PMAC_CONFIG]
[PMAC_CONFIG]
[PMAC_CONFIG]
[PMAC_PROJECT]
/var/ftp/usrflash/Project/PMAC Script Language/PLC Programs/PLC24_Cover.plc:1149:1: Preprocessing Error: Missing Close: on string:""
[PMAC_PROJECT]
/var/ftp/usrflash/Project/PMAC Script Language/PLC Programs/PLC24_Cover.plc:1149:1: Preprocessing Error: Missing Close: on string:""
[PMAC_PROJECT]
/var/ftp/usrflash/Project/PMAC Script Language/PLC Programs/PLC24_Cover.plc:1149:1: Preprocessing Error: Missing Close: on string:""
[PMAC_PROJECT]
/var/ftp/usrflash/Project/PMAC Script Language/PLC Programs/PLC24_Cover.plc:1149:1: Preprocessing Error: Missing Close: on string:""
[PMAC_PROJECT]
[PMAC_PROJECT]
/var/ftp/usrflash/Project/Configuration/pp_disable.txt:4:18: error #33: BUFFER IN USE: clear all buffers
Error: downloading preprocessed File: "/var/ftp/usrflash/Temp/pp_proj.pma"
[PMAC_PROJECT]
[PMAC_PROJECT]
[PMAC_PROJECT]
[PMAC_PROJECT]
[PMAC_CONFIG]
[PMAC_CONFIG]
[PMAC_CONFIG]
[PMAC_CONFIG]
[PMAC_PROJECT]
[PMAC_PROJECT]
[PMAC_PROJECT]
[PMAC_PROJECT]
