[PMAC_HARDWARE]
[PMAC_CONFIG]
[PMAC_PROJECT]
[PMAC_CONFIG]
[PMAC_CONFIG]
[PMAC_CONFIG]
[PMAC_CONFIG]
[PMAC_CONFIG]
[PMAC_CONFIG]
[PMAC_CONFIG]
[PMAC_CONFIG]
[PMAC_CONFIG]
[PMAC_CONFIG]
[PMAC_CONFIG]
[PMAC_CONFIG]
[PMAC_CONFIG]
[PMAC_CONFIG]
[PMAC_CONFIG]
[PMAC_CONFIG]
[PMAC_CONFIG]
[PMAC_CONFIG]
[PMAC_CONFIG]
[PMAC_CONFIG]
[PMAC_CONFIG]
[PMAC_CONFIG]
[PMAC_CONFIG]
[PMAC_CONFIG]
[PMAC_CONFIG]
[PMAC_CONFIG]
[PMAC_CONFIG]
[PMAC_CONFIG]
[PMAC_CONFIG]
[PMAC_CONFIG]
[PMAC_CONFIG]
[PMAC_CONFIG]
[PMAC_CONFIG]
[PMAC_CONFIG]
[PMAC_CONFIG]
[PMAC_CONFIG]
[PMAC_CONFIG]
[PMAC_CONFIG]
[PMAC_CONFIG]
[PMAC_CONFIG]
[PMAC_CONFIG]
[PMAC_CONFIG]
[PMAC_CONFIG]
[PMAC_CONFIG]
[PMAC_CONFIG]
[PMAC_CONFIG]
[PMAC_CONFIG]
[PMAC_PROJECT]
[PMAC_PROJECT]
[PMAC_CONFIG]
[PMAC_CONFIG]
[PMAC_CONFIG]
[PMAC_CONFIG]
[PMAC_CONFIG]
[PMAC_CONFIG]
[PMAC_CONFIG]
[PMAC_CONFIG]
[PMAC_CONFIG]
[PMAC_CONFIG]
[PMAC_CONFIG]
[PMAC_CONFIG]
[PMAC_CONFIG]
[PMAC_CONFIG]
[PMAC_CONFIG]
[PMAC_CONFIG]
[PMAC_CONFIG]
[PMAC_CONFIG]
[PMAC_CONFIG]
[PMAC_CONFIG]
[PMAC_CONFIG]
[PMAC_CONFIG]
[PMAC_CONFIG]
[PMAC_CONFIG]
[PMAC_CONFIG]
[PMAC_CONFIG]
[PMAC_CONFIG]
[PMAC_CONFIG]
[PMAC_CONFIG]
[PMAC_CONFIG]
[PMAC_CONFIG]
[PMAC_CONFIG]
[PMAC_CONFIG]
[PMAC_CONFIG]
[PMAC_CONFIG]
[PMAC_CONFIG]
[PMAC_CONFIG]
[PMAC_CONFIG]
[PMAC_CONFIG]
[PMAC_CONFIG]
[PMAC_CONFIG]
[PMAC_CONFIG]
[PMAC_CONFIG]
[PMAC_CONFIG]
[PMAC_CONFIG]
[PMAC_CONFIG]
[PMAC_CONFIG]
[PMAC_CONFIG]
[PMAC_CONFIG]
[PMAC_CONFIG]
[PMAC_CONFIG]
[PMAC_CONFIG]
[PMAC_CONFIG]
[PMAC_CONFIG]
[PMAC_CONFIG]
[PMAC_CONFIG]
[PMAC_CONFIG]
[PMAC_CONFIG]
[PMAC_CONFIG]
[PMAC_CONFIG]
[PMAC_CONFIG]
[PMAC_CONFIG]
[PMAC_CONFIG]
[PMAC_CONFIG]
[PMAC_CONFIG]
[PMAC_CONFIG]
[PMAC_CONFIG]
[PMAC_CONFIG]
[PMAC_CONFIG]
[PMAC_CONFIG]
[PMAC_CONFIG]
[PMAC_CONFIG]
[PMAC_CONFIG]
[PMAC_CONFIG]
[PMAC_PROJECT]
[PMAC_PROJECT]
/var/ftp/usrflash/Project/PMAC Script Language/PLC Programs/PLC02_Sta.plc:149:1: error #31: invalid data:  gWs_Skip_N2 = 0
Error: downloading preprocessed File: "/var/ftp/usrflash/Temp/pp_proj.pma"
[PMAC_PROJECT]
[PMAC_PROJECT]
[PMAC_CONFIG]
[PMAC_CONFIG]
[PMAC_CONFIG]
[PMAC_PROJECT]
[PMAC_PROJECT]
[PMAC_CONFIG]
[PMAC_CONFIG]
[PMAC_CONFIG]
[PMAC_CONFIG]
[PMAC_CONFIG]
[PMAC_CONFIG]
[PMAC_CONFIG]
[PMAC_CONFIG]
[PMAC_CONFIG]
[PMAC_PROJECT]
[PMAC_PROJECT]
